E:\workspace\AdvertReport\src\main\java\org\crealytics\startup\ParseData.java
E:\workspace\AdvertReport\src\main\java\org\crealytics\BootStrap.java
E:\workspace\AdvertReport\src\main\java\org\crealytics\controller\RestExceptionHandler.java
E:\workspace\AdvertReport\src\main\java\org\crealytics\service\AdService.java
E:\workspace\AdvertReport\src\main\java\org\crealytics\aspect\PointCutRepository.java
E:\workspace\AdvertReport\src\main\java\org\crealytics\bean\AdDetail.java
E:\workspace\AdvertReport\src\main\java\org\crealytics\bean\AdDetailReport.java
E:\workspace\AdvertReport\src\main\java\org\crealytics\utility\CSVProperty.java
E:\workspace\AdvertReport\src\main\java\org\crealytics\aspect\LogKeeper.java
E:\workspace\AdvertReport\src\main\java\org\crealytics\repository\AdRepository.java
E:\workspace\AdvertReport\src\main\java\org\crealytics\utility\CSVReader.java
E:\workspace\AdvertReport\src\main\java\org\crealytics\utility\GlobalUtils.java
E:\workspace\AdvertReport\src\main\java\org\crealytics\service\AdServiceImpl.java
E:\workspace\AdvertReport\src\main\java\org\crealytics\utility\ObjectMapper.java
E:\workspace\AdvertReport\src\main\java\org\crealytics\exception\ExceptionCode.java
E:\workspace\AdvertReport\src\main\java\org\crealytics\exception\ExceptionMessage.java
E:\workspace\AdvertReport\src\main\java\org\crealytics\exception\AppException.java
E:\workspace\AdvertReport\src\main\java\org\crealytics\controller\FrontController.java
