E:\workspace\AdvertReport\src\test\java\org\crealytics\startup\ParseDataTest.java
E:\workspace\AdvertReport\src\test\java\org\crealytics\exception\AppExceptionTest.java
E:\workspace\AdvertReport\src\test\java\org\crealytics\integeration\JavaLevelIntegerationTest.java
E:\workspace\AdvertReport\src\test\java\org\crealytics\extra\DummyProduct.java
E:\workspace\AdvertReport\src\test\java\org\crealytics\utility\GlobalUtilsTest.java
E:\workspace\AdvertReport\src\test\java\org\crealytics\bean\AdDetailReportTest.java
E:\workspace\AdvertReport\src\test\java\org\crealytics\integeration\ApiIntegrationTest.java
E:\workspace\AdvertReport\src\test\java\org\crealytics\repository\AdRepositoryTest.java
E:\workspace\AdvertReport\src\test\java\org\crealytics\controller\FrontControllerTest.java
E:\workspace\AdvertReport\src\test\java\org\crealytics\utility\CSVReaderTest.java
E:\workspace\AdvertReport\src\test\java\org\crealytics\bean\AdDetailTest.java
E:\workspace\AdvertReport\src\test\java\org\crealytics\service\AdServiceTest.java
E:\workspace\AdvertReport\src\test\java\org\crealytics\utility\ObjectMapperTest.java
